####### 2017-09-05 21:16:40 #######
$ echo $PWD
/var/www/html/anw
$ whoami
www-data
$ git pull
Could not create directory '/var/www/.ssh'.
Host key verification failed.
fatal: Could not read from remote repository.

Please make sure you have the correct access rights
and the repository exists.
$ git status
On branch master
Your branch is up-to-date with 'origin/master'.
Changes not staged for commit:
  (use "git add <file>..." to update what will be committed)
  (use "git checkout -- <file>..." to discard changes in working directory)

	modified:   .htaccess
	modified:   dbConnection.php
	modified:   emailCredential.php

no changes added to commit (use "git add" and/or "git commit -a")
$ git submodule sync

$ git submodule update

$ git submodule status

$ test -e /usr/share/update-notifier/notify-reboot-required && echo "system restart required"
system restart required

####### 2017-09-05 21:21:58 #######
$ echo $PWD
/var/www/html/anw
$ whoami
www-data
$ git pull
Host key verification failed.
fatal: Could not read from remote repository.

Please make sure you have the correct access rights
and the repository exists.
$ git status
On branch master
Your branch is up-to-date with 'origin/master'.
Changes not staged for commit:
  (use "git add <file>..." to update what will be committed)
  (use "git checkout -- <file>..." to discard changes in working directory)

	modified:   .htaccess
	modified:   dbConnection.php
	modified:   emailCredential.php

Untracked files:
  (use "git add <file>..." to include in what will be committed)

	deploy-log.txt

no changes added to commit (use "git add" and/or "git commit -a")
$ git submodule sync

$ git submodule update

$ git submodule status

$ test -e /usr/share/update-notifier/notify-reboot-required && echo "system restart required"
system restart required

